// Jest Snapshot v1, https://goo.gl/fbAQLP

exports[`NumberInput.vue matches snapshot 1`] = `
<input
  required="required"
  type="text"
/>
`;
